// Jest Snapshot v1, https://goo.gl/fbAQLP

exports[`Test TeamCard component Check if renders correctly 1`] = `
<DocumentFragment>
  <header
    class="MuiPaper-root MuiPaper-elevation MuiPaper-elevation4 MuiAppBar-root MuiAppBar-colorPrimary MuiAppBar-positionSticky css-7e0s21-MuiPaper-root-MuiAppBar-root"
    style="background-color: rgb(25, 118, 210); transition: all .8s;"
  >
    <div
      class="MuiContainer-root MuiContainer-maxWidthLg css-1oqqzyl-MuiContainer-root"
    >
      <div
        class="MuiToolbar-root MuiToolbar-gutters MuiToolbar-regular css-1fpo0vu-MuiToolbar-root"
      >
        <div
          class="MuiBox-root css-575evt"
        >
          <div
            class="MuiStack-root css-1sos3zc-MuiStack-root"
          >
            <div
              class="MuiBox-root css-13420go"
            />
          </div>
          <div
            class="MuiBox-root css-1m04nb5"
          >
            <div
              aria-label="Language"
              class="MuiToggleButtonGroup-root css-bghv3y-MuiToggleButtonGroup-root"
              role="group"
              style="background-color: white;"
            >
              <button
                aria-pressed="true"
                class="MuiButtonBase-root MuiToggleButtonGroup-grouped MuiToggleButtonGroup-groupedHorizontal MuiToggleButton-root Mui-selected MuiToggleButton-sizeSmall MuiToggleButton-primary MuiToggleButtonGroup-grouped MuiToggleButtonGroup-groupedHorizontal MuiToggleButtonGroup-firstButton css-1dlyelz-MuiButtonBase-root-MuiToggleButton-root"
                tabindex="0"
                type="button"
                value="en"
              >
                EN
                <span
                  class="MuiTouchRipple-root css-8je8zh-MuiTouchRipple-root"
                />
              </button>
              <button
                aria-pressed="false"
                class="MuiButtonBase-root MuiToggleButtonGroup-grouped MuiToggleButtonGroup-groupedHorizontal MuiToggleButton-root MuiToggleButton-sizeSmall MuiToggleButton-primary MuiToggleButtonGroup-grouped MuiToggleButtonGroup-groupedHorizontal MuiToggleButtonGroup-lastButton css-1dlyelz-MuiButtonBase-root-MuiToggleButton-root"
                tabindex="0"
                type="button"
                value="es"
              >
                ES
                <span
                  class="MuiTouchRipple-root css-8je8zh-MuiTouchRipple-root"
                />
              </button>
            </div>
            <button
              class="MuiButtonBase-root MuiIconButton-root MuiIconButton-sizeMedium css-78trlr-MuiButtonBase-root-MuiIconButton-root"
              tabindex="0"
              type="button"
            >
              <svg
                aria-hidden="true"
                class="MuiSvgIcon-root MuiSvgIcon-fontSizeMedium css-1d159sf-MuiSvgIcon-root"
                data-testid="MenuIcon"
                focusable="false"
                viewBox="0 0 24 24"
              >
                <path
                  d="M3 18h18v-2H3zm0-5h18v-2H3zm0-7v2h18V6z"
                />
              </svg>
              <span
                class="MuiTouchRipple-root css-8je8zh-MuiTouchRipple-root"
              />
            </button>
          </div>
          <div
            class="MuiBox-root css-13420go"
          >
            <div
              aria-label="Language"
              class="MuiToggleButtonGroup-root css-bghv3y-MuiToggleButtonGroup-root"
              role="group"
              style="background-color: white;"
            >
              <button
                aria-pressed="true"
                class="MuiButtonBase-root MuiToggleButtonGroup-grouped MuiToggleButtonGroup-groupedHorizontal MuiToggleButton-root Mui-selected MuiToggleButton-sizeSmall MuiToggleButton-primary MuiToggleButtonGroup-grouped MuiToggleButtonGroup-groupedHorizontal MuiToggleButtonGroup-firstButton css-1dlyelz-MuiButtonBase-root-MuiToggleButton-root"
                tabindex="0"
                type="button"
                value="en"
              >
                EN
                <span
                  class="MuiTouchRipple-root css-8je8zh-MuiTouchRipple-root"
                />
              </button>
              <button
                aria-pressed="false"
                class="MuiButtonBase-root MuiToggleButtonGroup-grouped MuiToggleButtonGroup-groupedHorizontal MuiToggleButton-root MuiToggleButton-sizeSmall MuiToggleButton-primary MuiToggleButtonGroup-grouped MuiToggleButtonGroup-groupedHorizontal MuiToggleButtonGroup-lastButton css-1dlyelz-MuiButtonBase-root-MuiToggleButton-root"
                tabindex="0"
                type="button"
                value="es"
              >
                ES
                <span
                  class="MuiTouchRipple-root css-8je8zh-MuiTouchRipple-root"
                />
              </button>
            </div>
            <div
              class="MuiStack-root css-1fi18c5-MuiStack-root"
            />
          </div>
        </div>
      </div>
      <div
        class="MuiBox-root css-1m04nb5"
      />
    </div>
  </header>
</DocumentFragment>
`;
