// Jest Snapshot v1, https://goo.gl/fbAQLP

exports[`Test TeamCard component Check if renders correctly 1`] = `
<DocumentFragment>
  <div
    class="MuiGrid-root MuiGrid-item MuiGrid-grid-xs-12 MuiGrid-grid-sm-6 MuiGrid-grid-md-4 css-13i4rnv-MuiGrid-root"
  >
    <div
      class="MuiBox-root css-ab8yd1"
    >
      <div
        class="MuiPaper-root MuiPaper-elevation MuiPaper-rounded MuiPaper-elevation1 MuiCard-root css-13p0zo4-MuiPaper-root-MuiCard-root"
        style="flex-grow: 1;"
      >
        <div
          class="MuiCardContent-root css-46bh2p-MuiCardContent-root"
        >
          <div
            class="MuiTypography-root MuiTypography-h6 MuiTypography-alignCenter css-1kgxqm0-MuiTypography-root"
          >
            Test Team
          </div>
          <p
            class="MuiTypography-root MuiTypography-body2 MuiTypography-alignCenter css-t2mtvq-MuiTypography-root"
          >
            Developer
          </p>
          <p
            class="MuiTypography-root MuiTypography-body1 MuiTypography-alignCenter css-12wjmzy-MuiTypography-root"
          >
            This is a test team description.
          </p>
        </div>
      </div>
    </div>
  </div>
</DocumentFragment>
`;
